------------------------------------------------------------
TimeQuest Timing Analyzer Summary
------------------------------------------------------------

Type  : Slow Model Setup 'CLOCK_50'
Slack : -11.971
TNS   : -186.887

Type  : Slow Model Setup 'KEY[1]'
Slack : -9.138
TNS   : -6662.861

Type  : Slow Model Setup 'pipereg:IF_ID|out1[26]'
Slack : -4.771
TNS   : -22.878

Type  : Slow Model Setup 'clk_div:clockdiv|clock_10Hz_reg'
Slack : -0.242
TNS   : -0.285

Type  : Slow Model Setup 'clk_div:clockdiv|clock_100hz_reg'
Slack : -0.239
TNS   : -0.280

Type  : Slow Model Setup 'clk_div:clockdiv|clock_100Khz_reg'
Slack : -0.070
TNS   : -0.151

Type  : Slow Model Setup 'clk_div:clockdiv|clock_1Mhz_reg'
Slack : -0.069
TNS   : -0.150

Type  : Slow Model Setup 'clk_div:clockdiv|clock_10Khz_reg'
Slack : -0.069
TNS   : -0.139

Type  : Slow Model Setup 'clk_div:clockdiv|clock_1Khz_reg'
Slack : -0.065
TNS   : -0.133

Type  : Slow Model Setup 'SW[15]'
Slack : 0.452
TNS   : 0.000

Type  : Slow Model Hold 'SW[15]'
Slack : -0.891
TNS   : -4.144

Type  : Slow Model Hold 'KEY[1]'
Slack : -0.826
TNS   : -3.133

Type  : Slow Model Hold 'CLOCK_50'
Slack : 0.010
TNS   : 0.000

Type  : Slow Model Hold 'clk_div:clockdiv|clock_100Khz_reg'
Slack : 0.391
TNS   : 0.000

Type  : Slow Model Hold 'clk_div:clockdiv|clock_100hz_reg'
Slack : 0.391
TNS   : 0.000

Type  : Slow Model Hold 'clk_div:clockdiv|clock_10Hz_reg'
Slack : 0.391
TNS   : 0.000

Type  : Slow Model Hold 'clk_div:clockdiv|clock_10Khz_reg'
Slack : 0.391
TNS   : 0.000

Type  : Slow Model Hold 'clk_div:clockdiv|clock_1Khz_reg'
Slack : 0.391
TNS   : 0.000

Type  : Slow Model Hold 'clk_div:clockdiv|clock_1Mhz_reg'
Slack : 0.391
TNS   : 0.000

Type  : Slow Model Hold 'pipereg:IF_ID|out1[26]'
Slack : 3.646
TNS   : 0.000

Type  : Slow Model Minimum Pulse Width 'KEY[1]'
Slack : -2.000
TNS   : -3574.222

Type  : Slow Model Minimum Pulse Width 'CLOCK_50'
Slack : -1.380
TNS   : -76.380

Type  : Slow Model Minimum Pulse Width 'SW[15]'
Slack : -1.222
TNS   : -1.222

Type  : Slow Model Minimum Pulse Width 'clk_div:clockdiv|clock_100Khz_reg'
Slack : -0.500
TNS   : -4.000

Type  : Slow Model Minimum Pulse Width 'clk_div:clockdiv|clock_100hz_reg'
Slack : -0.500
TNS   : -4.000

Type  : Slow Model Minimum Pulse Width 'clk_div:clockdiv|clock_10Hz_reg'
Slack : -0.500
TNS   : -4.000

Type  : Slow Model Minimum Pulse Width 'clk_div:clockdiv|clock_10Khz_reg'
Slack : -0.500
TNS   : -4.000

Type  : Slow Model Minimum Pulse Width 'clk_div:clockdiv|clock_1Khz_reg'
Slack : -0.500
TNS   : -4.000

Type  : Slow Model Minimum Pulse Width 'clk_div:clockdiv|clock_1Mhz_reg'
Slack : -0.500
TNS   : -4.000

Type  : Slow Model Minimum Pulse Width 'pipereg:IF_ID|out1[26]'
Slack : 0.500
TNS   : 0.000

Type  : Fast Model Setup 'CLOCK_50'
Slack : -5.368
TNS   : -56.630

Type  : Fast Model Setup 'KEY[1]'
Slack : -3.833
TNS   : -2857.638

Type  : Fast Model Setup 'pipereg:IF_ID|out1[26]'
Slack : -2.110
TNS   : -10.223

Type  : Fast Model Setup 'clk_div:clockdiv|clock_10Hz_reg'
Slack : 0.430
TNS   : 0.000

Type  : Fast Model Setup 'clk_div:clockdiv|clock_100hz_reg'
Slack : 0.432
TNS   : 0.000

Type  : Fast Model Setup 'clk_div:clockdiv|clock_1Khz_reg'
Slack : 0.506
TNS   : 0.000

Type  : Fast Model Setup 'clk_div:clockdiv|clock_100Khz_reg'
Slack : 0.507
TNS   : 0.000

Type  : Fast Model Setup 'clk_div:clockdiv|clock_10Khz_reg'
Slack : 0.508
TNS   : 0.000

Type  : Fast Model Setup 'clk_div:clockdiv|clock_1Mhz_reg'
Slack : 0.508
TNS   : 0.000

Type  : Fast Model Setup 'SW[15]'
Slack : 0.890
TNS   : 0.000

Type  : Fast Model Hold 'SW[15]'
Slack : -0.785
TNS   : -3.794

Type  : Fast Model Hold 'KEY[1]'
Slack : -0.386
TNS   : -1.522

Type  : Fast Model Hold 'CLOCK_50'
Slack : -0.064
TNS   : -0.134

Type  : Fast Model Hold 'clk_div:clockdiv|clock_100Khz_reg'
Slack : 0.215
TNS   : 0.000

Type  : Fast Model Hold 'clk_div:clockdiv|clock_100hz_reg'
Slack : 0.215
TNS   : 0.000

Type  : Fast Model Hold 'clk_div:clockdiv|clock_10Hz_reg'
Slack : 0.215
TNS   : 0.000

Type  : Fast Model Hold 'clk_div:clockdiv|clock_10Khz_reg'
Slack : 0.215
TNS   : 0.000

Type  : Fast Model Hold 'clk_div:clockdiv|clock_1Khz_reg'
Slack : 0.215
TNS   : 0.000

Type  : Fast Model Hold 'clk_div:clockdiv|clock_1Mhz_reg'
Slack : 0.215
TNS   : 0.000

Type  : Fast Model Hold 'pipereg:IF_ID|out1[26]'
Slack : 2.241
TNS   : 0.000

Type  : Fast Model Minimum Pulse Width 'KEY[1]'
Slack : -2.000
TNS   : -3574.222

Type  : Fast Model Minimum Pulse Width 'CLOCK_50'
Slack : -1.380
TNS   : -76.380

Type  : Fast Model Minimum Pulse Width 'SW[15]'
Slack : -1.222
TNS   : -1.222

Type  : Fast Model Minimum Pulse Width 'clk_div:clockdiv|clock_100Khz_reg'
Slack : -0.500
TNS   : -4.000

Type  : Fast Model Minimum Pulse Width 'clk_div:clockdiv|clock_100hz_reg'
Slack : -0.500
TNS   : -4.000

Type  : Fast Model Minimum Pulse Width 'clk_div:clockdiv|clock_10Hz_reg'
Slack : -0.500
TNS   : -4.000

Type  : Fast Model Minimum Pulse Width 'clk_div:clockdiv|clock_10Khz_reg'
Slack : -0.500
TNS   : -4.000

Type  : Fast Model Minimum Pulse Width 'clk_div:clockdiv|clock_1Khz_reg'
Slack : -0.500
TNS   : -4.000

Type  : Fast Model Minimum Pulse Width 'clk_div:clockdiv|clock_1Mhz_reg'
Slack : -0.500
TNS   : -4.000

Type  : Fast Model Minimum Pulse Width 'pipereg:IF_ID|out1[26]'
Slack : 0.500
TNS   : 0.000

------------------------------------------------------------
