------------------------------------------------------------
TimeQuest Timing Analyzer Summary
------------------------------------------------------------

Type  : Slow Model Setup 'CLOCK_50'
Slack : -11.412
TNS   : -174.693

Type  : Slow Model Setup 'KEY[1]'
Slack : -8.544
TNS   : -6079.390

Type  : Slow Model Setup 'pipereg:IF_ID|out1[26]'
Slack : -3.527
TNS   : -10.506

Type  : Slow Model Setup 'clk_div:clockdiv|clock_1Mhz_reg'
Slack : -0.260
TNS   : -0.332

Type  : Slow Model Setup 'clk_div:clockdiv|clock_1Khz_reg'
Slack : -0.260
TNS   : -0.305

Type  : Slow Model Setup 'clk_div:clockdiv|clock_100hz_reg'
Slack : -0.208
TNS   : -0.275

Type  : Slow Model Setup 'clk_div:clockdiv|clock_10Hz_reg'
Slack : -0.070
TNS   : -0.140

Type  : Slow Model Setup 'clk_div:clockdiv|clock_100Khz_reg'
Slack : -0.069
TNS   : -0.151

Type  : Slow Model Setup 'clk_div:clockdiv|clock_10Khz_reg'
Slack : -0.062
TNS   : -0.097

Type  : Slow Model Setup 'SW[15]'
Slack : 0.413
TNS   : 0.000

Type  : Slow Model Hold 'KEY[1]'
Slack : -0.793
TNS   : -1.585

Type  : Slow Model Hold 'SW[15]'
Slack : -0.775
TNS   : -3.808

Type  : Slow Model Hold 'CLOCK_50'
Slack : 0.133
TNS   : 0.000

Type  : Slow Model Hold 'clk_div:clockdiv|clock_100Khz_reg'
Slack : 0.391
TNS   : 0.000

Type  : Slow Model Hold 'clk_div:clockdiv|clock_100hz_reg'
Slack : 0.391
TNS   : 0.000

Type  : Slow Model Hold 'clk_div:clockdiv|clock_10Hz_reg'
Slack : 0.391
TNS   : 0.000

Type  : Slow Model Hold 'clk_div:clockdiv|clock_10Khz_reg'
Slack : 0.391
TNS   : 0.000

Type  : Slow Model Hold 'clk_div:clockdiv|clock_1Khz_reg'
Slack : 0.391
TNS   : 0.000

Type  : Slow Model Hold 'clk_div:clockdiv|clock_1Mhz_reg'
Slack : 0.391
TNS   : 0.000

Type  : Slow Model Hold 'pipereg:IF_ID|out1[26]'
Slack : 2.887
TNS   : 0.000

Type  : Slow Model Minimum Pulse Width 'KEY[1]'
Slack : -2.000
TNS   : -3562.222

Type  : Slow Model Minimum Pulse Width 'CLOCK_50'
Slack : -1.380
TNS   : -76.380

Type  : Slow Model Minimum Pulse Width 'SW[15]'
Slack : -1.222
TNS   : -1.222

Type  : Slow Model Minimum Pulse Width 'clk_div:clockdiv|clock_100Khz_reg'
Slack : -0.500
TNS   : -4.000

Type  : Slow Model Minimum Pulse Width 'clk_div:clockdiv|clock_100hz_reg'
Slack : -0.500
TNS   : -4.000

Type  : Slow Model Minimum Pulse Width 'clk_div:clockdiv|clock_10Hz_reg'
Slack : -0.500
TNS   : -4.000

Type  : Slow Model Minimum Pulse Width 'clk_div:clockdiv|clock_10Khz_reg'
Slack : -0.500
TNS   : -4.000

Type  : Slow Model Minimum Pulse Width 'clk_div:clockdiv|clock_1Khz_reg'
Slack : -0.500
TNS   : -4.000

Type  : Slow Model Minimum Pulse Width 'clk_div:clockdiv|clock_1Mhz_reg'
Slack : -0.500
TNS   : -4.000

Type  : Slow Model Minimum Pulse Width 'pipereg:IF_ID|out1[26]'
Slack : 0.500
TNS   : 0.000

Type  : Fast Model Setup 'CLOCK_50'
Slack : -5.249
TNS   : -54.139

Type  : Fast Model Setup 'KEY[1]'
Slack : -3.656
TNS   : -2605.901

Type  : Fast Model Setup 'pipereg:IF_ID|out1[26]'
Slack : -1.543
TNS   : -4.612

Type  : Fast Model Setup 'clk_div:clockdiv|clock_1Khz_reg'
Slack : 0.420
TNS   : 0.000

Type  : Fast Model Setup 'clk_div:clockdiv|clock_1Mhz_reg'
Slack : 0.420
TNS   : 0.000

Type  : Fast Model Setup 'clk_div:clockdiv|clock_100hz_reg'
Slack : 0.439
TNS   : 0.000

Type  : Fast Model Setup 'clk_div:clockdiv|clock_10Hz_reg'
Slack : 0.507
TNS   : 0.000

Type  : Fast Model Setup 'clk_div:clockdiv|clock_100Khz_reg'
Slack : 0.508
TNS   : 0.000

Type  : Fast Model Setup 'clk_div:clockdiv|clock_10Khz_reg'
Slack : 0.512
TNS   : 0.000

Type  : Fast Model Setup 'SW[15]'
Slack : 0.847
TNS   : 0.000

Type  : Fast Model Hold 'SW[15]'
Slack : -0.781
TNS   : -3.524

Type  : Fast Model Hold 'KEY[1]'
Slack : -0.352
TNS   : -0.702

Type  : Fast Model Hold 'CLOCK_50'
Slack : -0.024
TNS   : -0.026

Type  : Fast Model Hold 'clk_div:clockdiv|clock_100Khz_reg'
Slack : 0.215
TNS   : 0.000

Type  : Fast Model Hold 'clk_div:clockdiv|clock_100hz_reg'
Slack : 0.215
TNS   : 0.000

Type  : Fast Model Hold 'clk_div:clockdiv|clock_10Hz_reg'
Slack : 0.215
TNS   : 0.000

Type  : Fast Model Hold 'clk_div:clockdiv|clock_10Khz_reg'
Slack : 0.215
TNS   : 0.000

Type  : Fast Model Hold 'clk_div:clockdiv|clock_1Khz_reg'
Slack : 0.215
TNS   : 0.000

Type  : Fast Model Hold 'clk_div:clockdiv|clock_1Mhz_reg'
Slack : 0.215
TNS   : 0.000

Type  : Fast Model Hold 'pipereg:IF_ID|out1[26]'
Slack : 1.830
TNS   : 0.000

Type  : Fast Model Minimum Pulse Width 'KEY[1]'
Slack : -2.000
TNS   : -3562.222

Type  : Fast Model Minimum Pulse Width 'CLOCK_50'
Slack : -1.380
TNS   : -76.380

Type  : Fast Model Minimum Pulse Width 'SW[15]'
Slack : -1.222
TNS   : -1.222

Type  : Fast Model Minimum Pulse Width 'clk_div:clockdiv|clock_100Khz_reg'
Slack : -0.500
TNS   : -4.000

Type  : Fast Model Minimum Pulse Width 'clk_div:clockdiv|clock_100hz_reg'
Slack : -0.500
TNS   : -4.000

Type  : Fast Model Minimum Pulse Width 'clk_div:clockdiv|clock_10Hz_reg'
Slack : -0.500
TNS   : -4.000

Type  : Fast Model Minimum Pulse Width 'clk_div:clockdiv|clock_10Khz_reg'
Slack : -0.500
TNS   : -4.000

Type  : Fast Model Minimum Pulse Width 'clk_div:clockdiv|clock_1Khz_reg'
Slack : -0.500
TNS   : -4.000

Type  : Fast Model Minimum Pulse Width 'clk_div:clockdiv|clock_1Mhz_reg'
Slack : -0.500
TNS   : -4.000

Type  : Fast Model Minimum Pulse Width 'pipereg:IF_ID|out1[26]'
Slack : 0.500
TNS   : 0.000

------------------------------------------------------------
